// Jest Snapshot v1, https://goo.gl/fbAQLP

exports[`<Label/> should render a default label 1`] = `
<div
  className="sc-gZMcBi dFxoua"
>
  Hello Jest!
</div>
`;
